altcp_tls_mbedtls.c:636:1:altcp_mbedtls_debug	0	static
altcp_tls_mbedtls.c:650:1:dummy_rng	4	static
altcp_tls_mbedtls.c:537:1:altcp_mbedtls_lower_err	8	static
altcp_tls_mbedtls.c:433:1:altcp_mbedtls_bio_recv	24	static
altcp_tls_mbedtls.c:1082:1:altcp_mbedtls_bio_send	40	static
altcp_tls_mbedtls.c:562:1:altcp_mbedtls_setup_callbacks	8	static
altcp_tls_mbedtls.c:573:1:altcp_mbedtls_setup	32	static
altcp_tls_mbedtls.c:128:1:altcp_mbedtls_lower_accept	24	static
altcp_tls_mbedtls.c:487:1:altcp_mbedtls_lower_sent	16	static
altcp_tls_mbedtls.c:949:1:altcp_mbedtls_abort	8	static
altcp_tls_mbedtls.c:347:1:altcp_mbedtls_handle_rx_appldata	48	static
altcp_tls_mbedtls.c:514:1:altcp_mbedtls_lower_poll	16	static
altcp_tls_mbedtls.c:897:1:altcp_mbedtls_recved	16	static
altcp_tls_mbedtls.c:667:1:altcp_tls_create_config	32	static
altcp_tls_mbedtls.c:796:1:altcp_tls_create_config_client_common	16	static
altcp_tls_mbedtls.c:1125:1:altcp_mbedtls_dealloc	16	static
altcp_tls_mbedtls.c:986:1:altcp_mbedtls_sndbuf	24	static
altcp_tls_mbedtls.c:1115:1:altcp_mbedtls_mss	8	static
altcp_tls_mbedtls.c:1025:1:altcp_mbedtls_write	24	static
altcp_tls_mbedtls.c:957:1:altcp_mbedtls_close	24	static
altcp_tls_mbedtls.c:889:1:altcp_mbedtls_set_poll	8	static
altcp_tls_mbedtls.c:933:1:altcp_mbedtls_listen	8	static
altcp_tls_mbedtls.c:923:1:altcp_mbedtls_connect	8	static
altcp_tls_mbedtls.c:252:1:altcp_mbedtls_lower_recv_process	40	static
altcp_tls_mbedtls.c:186:1:altcp_mbedtls_lower_recv	24	static
altcp_tls_mbedtls.c:153:1:altcp_mbedtls_lower_connected	16	static
altcp_tls_mbedtls.c:608:1:altcp_tls_wrap	16	static
altcp_tls_mbedtls.c:625:1:altcp_tls_context	0	static
altcp_tls_mbedtls.c:749:1:altcp_tls_create_config_server_privkey_cert	40	static
altcp_tls_mbedtls.c:822:1:altcp_tls_create_config_client	8	static
altcp_tls_mbedtls.c:828:1:altcp_tls_create_config_client_2wayauth	32	static
altcp_tls_mbedtls.c:873:1:altcp_tls_free_config	8	static
