api_msg.c:218:1:recv_udp	24	static
api_msg.c:159:1:recv_raw	24	static
api_msg.c:514:1:setup_tcp	8	static
api_msg.c:432:1:err_tcp	24	static
api_msg.c:1304:1:lwip_netconn_do_connected	16	static
api_msg.c:2120:1:lwip_netconn_do_dns_found	8	static
api_msg.c:1643:1:lwip_netconn_do_writemore	48	static
api_msg.c:923:1:lwip_netconn_do_close_internal	32	static
api_msg.c:357:1:poll_tcp	8	static
api_msg.c:398:1:sent_tcp	16	static
api_msg.c:293:1:recv_tcp	24	static
api_msg.c:131:1:lwip_netconn_is_err_msg	16	static
api_msg.c:680:1:lwip_netconn_do_newconn	16	static
api_msg.c:705:1:netconn_alloc	16	static
api_msg.c:797:1:netconn_free	8	static
api_msg.c:830:1:netconn_drain	24	static
api_msg.c:533:1:accept_function	16	static
api_msg.c:1116:1:lwip_netconn_do_delconn	16	static
api_msg.c:1219:1:lwip_netconn_do_bind	8	static
api_msg.c:1259:1:lwip_netconn_do_bind_if	8	static
api_msg.c:1353:1:lwip_netconn_do_connect	16	static
api_msg.c:1428:1:lwip_netconn_do_disconnect	8	static
api_msg.c:1452:1:lwip_netconn_do_listen	24	static
api_msg.c:1535:1:lwip_netconn_do_send	8	static
api_msg.c:1592:1:lwip_netconn_do_recv	24	static
api_msg.c:1617:1:lwip_netconn_do_accepted	8	static
api_msg.c:1816:1:lwip_netconn_do_write	16	static
api_msg.c:1870:1:lwip_netconn_do_getaddr	8	static
api_msg.c:1937:1:lwip_netconn_do_close	16	static
api_msg.c:2146:1:lwip_netconn_do_gethostbyname	24	static
