queue.c:2289:19:prvIsQueueEmpty	8	static
queue.c:2072:19:prvCopyDataToQueue	16	static
queue.c:2151:13:prvCopyDataFromQueue	8	static
queue.c:2169:13:prvUnlockQueue	16	static
queue.c:255:12:xQueueGenericReset	16	static
queue.c:368:16:xQueueGenericCreate	24	static
queue.c:721:16:xQueueCreateCountingSemaphore	8	static
queue.c:747:12:xQueueGenericSend	48	static
queue.c:503:16:xQueueCreateMutex	8	static
queue.c:596:13:xQueueGiveMutexRecursive	16	static
queue.c:957:12:xQueueGenericSendFromISR	32	static
queue.c:1108:12:xQueueGiveFromISR	16	static
queue.c:1273:12:xQueueReceive	48	static
queue.c:1414:12:xQueueSemaphoreTake	40	static
queue.c:651:13:xQueueTakeMutexRecursive	16	static
queue.c:1634:12:xQueuePeek	40	static
queue.c:1783:12:xQueueReceiveFromISR	32	static
queue.c:1874:12:xQueuePeekFromISR	24	static
queue.c:1928:13:uxQueueMessagesWaiting	8	static
queue.c:1944:13:uxQueueSpacesAvailable	8	static
queue.c:1961:13:uxQueueMessagesWaitingFromISR	0	static
queue.c:2017:14:uxQueueGetQueueNumber	0	static
queue.c:2027:7:vQueueSetQueueNumber	0	static
queue.c:2037:10:ucQueueGetQueueType	0	static
queue.c:2310:12:xQueueIsQueueEmptyFromISR	0	static
queue.c:2350:12:xQueueIsQueueFullFromISR	0	static
queue.c:2646:7:vQueueAddToRegistry	4	static
queue.c:2675:14:pcQueueGetName	0	static
queue.c:2703:7:vQueueUnregisterQueue	0	static
queue.c:1973:6:vQueueDelete	8	static
queue.c:2735:7:vQueueWaitForMessageRestricted	16	static
