tasks.c:1797:20:prvTaskIsTaskSuspended	0	static
tasks.c:3880:13:prvResetNextTaskUnblockTime	0	static
tasks.c:3334:8:prvIdleTask	8	static
tasks.c:5081:13:prvAddCurrentTaskToDelayedList	16	static
tasks.c:730:13:xTaskCreate	32	static
tasks.c:1157:7:vTaskDelete	16	static
tasks.c:1378:13:eTaskGetState	24	static
tasks.c:1470:14:uxTaskPriorityGet	8	static
tasks.c:1492:14:uxTaskPriorityGetFromISR	8	static
tasks.c:1532:7:vTaskPrioritySet	24	static
tasks.c:1843:7:vTaskResume	16	static
tasks.c:1897:13:xTaskResumeFromISR	24	static
tasks.c:1967:6:vTaskStartScheduler	16	static
tasks.c:2089:6:vTaskEndScheduler	8	static
tasks.c:2100:6:vTaskSuspendAll	0	static
tasks.c:2284:12:xTaskGetTickCount	0	static
tasks.c:2299:12:xTaskGetTickCountFromISR	8	static
tasks.c:2330:13:uxTaskGetNumberOfTasks	0	static
tasks.c:2338:7:pcTaskGetName	0	static
tasks.c:2665:12:xTaskIncrementTick	32	static
tasks.c:2174:12:xTaskResumeAll	24	static
tasks.c:1249:7:vTaskDelayUntil	16	static
tasks.c:1333:7:vTaskDelay	8	static
tasks.c:2947:6:vTaskSwitchContext	4	static
tasks.c:1696:7:vTaskSuspend	16	static
tasks.c:3020:6:vTaskPlaceOnEventList	8	static
tasks.c:3037:6:vTaskPlaceOnUnorderedEventList	8	static
tasks.c:3063:7:vTaskPlaceOnEventListRestricted	16	static
tasks.c:3094:12:xTaskRemoveFromEventList	16	static
tasks.c:3162:6:vTaskRemoveFromUnorderedEventList	16	static
tasks.c:3196:6:vTaskSetTimeOutState	8	static
tasks.c:3208:6:vTaskInternalSetTimeOutState	0	static
tasks.c:3216:12:xTaskCheckForTimeOut	16	static
tasks.c:3279:6:vTaskMissedYield	0	static
tasks.c:3287:14:uxTaskGetTaskNumber	0	static
tasks.c:3310:7:vTaskSetTaskNumber	0	static
tasks.c:3493:7:vTaskSetThreadLocalStoragePointer	0	static
tasks.c:3509:8:pvTaskGetThreadLocalStoragePointer	0	static
tasks.c:3609:7:vTaskGetInfo	16	static
tasks.c:3705:21:prvListTasksWithinSingleList	40	static
tasks.c:2485:14:uxTaskGetSystemState	32	static
tasks.c:3906:15:xTaskGetCurrentTaskHandle	0	static
tasks.c:3923:13:xTaskGetSchedulerState	0	static
tasks.c:3951:13:xTaskPriorityInherit	16	static
tasks.c:4038:13:xTaskPriorityDisinherit	16	static
tasks.c:4118:7:vTaskPriorityDisinheritAfterTimeout	16	static
tasks.c:4309:7:vTaskList	48	static
tasks.c:4533:12:uxTaskResetEventItemValue	0	static
tasks.c:4549:15:pvTaskIncrementMutexHeldCount	0	static
tasks.c:4566:11:ulTaskNotifyTake	16	static
tasks.c:4634:13:xTaskNotifyWait	24	static
tasks.c:4714:13:xTaskGenericNotify	24	static
tasks.c:4828:13:xTaskGenericNotifyFromISR	32	static
tasks.c:4957:7:vTaskNotifyGiveFromISR	24	static
tasks.c:5044:13:xTaskNotifyStateClear	8	static
