ecp_alt.c:1052:12:ecp_modp	24	static
ecp_alt.c:1318:12:ecp_double_jac	80	static
ecp_alt.c:1137:12:ecp_normalize_jac	48	static
ecp_alt.c:1190:12:ecp_normalize_jac_many	96	static
ecp_alt.c:1281:12:ecp_safe_invert_jac	32	static
ecp_alt.c:1818:12:ecp_select_comb	48	static
ecp_alt.c:441:31:mbedtls_ecp_curve_list	0	static
ecp_alt.c:449:29:mbedtls_ecp_grp_id_list	0	static
ecp_alt.c:475:31:mbedtls_ecp_curve_info_from_grp_id	0	static
ecp_alt.c:493:31:mbedtls_ecp_curve_info_from_tls_id	0	static
ecp_alt.c:511:31:mbedtls_ecp_curve_info_from_name	16	static
ecp_alt.c:546:6:mbedtls_ecp_point_init	8	static
ecp_alt.c:558:6:mbedtls_ecp_group_init	16	static
ecp_alt.c:582:6:mbedtls_ecp_keypair_init	8	static
ecp_alt.c:594:6:mbedtls_ecp_point_free	8	static
ecp_alt.c:607:6:mbedtls_ecp_group_free	16	static
ecp_alt.c:636:6:mbedtls_ecp_keypair_free_o	8	static
ecp_alt.c:662:6:mbedtls_ecp_keypair_free	8	static
ecp_alt.c:671:5:mbedtls_ecp_copy	16	static
ecp_alt.c:688:5:mbedtls_ecp_group_copy	8	static
ecp_alt.c:699:5:mbedtls_ecp_set_zero	8	static
ecp_alt.c:1416:12:ecp_add_mixed	128	static
ecp_alt.c:715:5:mbedtls_ecp_is_zero	8	static
ecp_alt.c:725:5:mbedtls_ecp_point_cmp	16	static
ecp_alt.c:744:5:mbedtls_ecp_point_read_string	16	static
ecp_alt.c:763:5:mbedtls_ecp_point_write_binary	24	static
ecp_alt.c:822:5:mbedtls_ecp_point_read_binary	24	static
ecp_alt.c:865:5:mbedtls_ecp_tls_read_point	16	static
ecp_alt.c:901:5:mbedtls_ecp_tls_write_point	24	static
ecp_alt.c:975:5:mbedtls_ecp_tls_read_group_id	8	static
ecp_alt.c:935:5:mbedtls_ecp_tls_read_group_o	16	static
ecp_alt.c:964:5:mbedtls_ecp_tls_read_group	8	static
ecp_alt.c:1014:5:mbedtls_ecp_tls_write_group	16	static
ecp_alt.c:2574:5:ecp_add	16	static
ecp_alt.c:2730:5:mbedtls_ecp_check_pubkey	48	static
ecp_alt.c:2754:5:mbedtls_ecp_check_privkey	16	static
ecp_alt.c:2409:5:mbedtls_ecp_mul_restartable	320	static
ecp_alt.c:2475:5:mbedtls_ecp_mul	24	static
ecp_alt.c:2541:12:mbedtls_ecp_mul_shortcuts	40	static
ecp_alt.c:2596:5:mbedtls_ecp_muladd_restartable	72	static
ecp_alt.c:2697:5:mbedtls_ecp_muladd	24	static
ecp_alt.c:2795:5:mbedtls_ecp_gen_privkey	48	static
ecp_alt.c:2880:5:mbedtls_ecp_gen_keypair_base	32	static
ecp_alt.c:2903:5:mbedtls_ecp_gen_keypair	16	static
ecp_alt.c:2919:5:mbedtls_ecp_gen_key	24	static
ecp_alt.c:2935:5:mbedtls_ecp_check_pub_priv	192	static
ecp_alt.c:2981:5:mbedtls_ecp_self_test	288	static
