ksdk_mbedtls.c:125:6:CRYPTO_InitHardware	8	static
ksdk_mbedtls.c:201:5:mbedtls_des_setkey_enc	12	static
ksdk_mbedtls.c:223:5:mbedtls_des_setkey_dec	12	static
ksdk_mbedtls.c:246:5:mbedtls_des3_set2key_enc	16	static
ksdk_mbedtls.c:276:5:mbedtls_des3_set2key_dec	16	static
ksdk_mbedtls.c:306:5:mbedtls_des3_set3key_enc	12	static
ksdk_mbedtls.c:331:5:mbedtls_des3_set3key_dec	12	static
ksdk_mbedtls.c:356:5:mbedtls_des_crypt_ecb	8	static
ksdk_mbedtls.c:394:5:mbedtls_des3_crypt_ecb	16	static
ksdk_mbedtls.c:590:5:mbedtls_aes_setkey_enc	8	static
ksdk_mbedtls.c:659:5:mbedtls_aes_setkey_dec	8	static
ksdk_mbedtls.c:729:5:mbedtls_internal_aes_encrypt	8	static
ksdk_mbedtls.c:765:5:mbedtls_internal_aes_decrypt	8	static
ksdk_mbedtls.c:3350:5:mbedtls_internal_md5_process	8	static
ksdk_mbedtls.c:3449:5:mbedtls_internal_sha1_process	8	static
ksdk_mbedtls.c:3948:5:mbedtls_internal_sha256_process	8	static
ksdk_mbedtls.c:4389:5:mbedtls_hardware_poll	16	static
ksdk_mbedtls.c:4473:7:pvPortCalloc	16	static
