fsl_mmcau.c:32:13:mmcau_memcpy	0	static
fsl_mmcau.c:46:20:mmcau_align_const	8	static
fsl_mmcau.c:183:17:mmcau_hash_API	120	static
fsl_mmcau.c:140:17:mmcau_DesCrypt	48	static
fsl_mmcau.c:79:17:mmcau_AesCrypt	304	static
fsl_mmcau.c:219:17:mmcau_hash_MD5API	120	static
fsl_mmcau.c:255:10:MMCAU_AES_SetKey	296	static
fsl_mmcau.c:304:10:MMCAU_AES_EncryptEcb	16	static
fsl_mmcau.c:309:10:MMCAU_AES_DecryptEcb	16	static
fsl_mmcau.c:314:10:MMCAU_DES_ChkParity	16	static
fsl_mmcau.c:344:10:MMCAU_DES_EncryptEcb	8	static
fsl_mmcau.c:349:10:MMCAU_DES_DecryptEcb	8	static
fsl_mmcau.c:355:10:MMCAU_MD5_InitializeOutput	40	static
fsl_mmcau.c:387:10:MMCAU_MD5_HashN	16	static
fsl_mmcau.c:393:10:MMCAU_MD5_Update	16	static
fsl_mmcau.c:399:10:MMCAU_SHA1_InitializeOutput	40	static
fsl_mmcau.c:431:10:MMCAU_SHA1_HashN	16	static
fsl_mmcau.c:437:10:MMCAU_SHA1_Update	16	static
fsl_mmcau.c:443:10:MMCAU_SHA256_InitializeOutput	48	static
fsl_mmcau.c:483:10:MMCAU_SHA256_HashN	16	static
fsl_mmcau.c:489:10:MMCAU_SHA256_Update	16	static
