mqtt.c:184:1:mqtt_ringbuf_put	0	static
mqtt.c:457:6:mqtt_output_append_u16	16	static
mqtt.c:473:1:mqtt_output_append_string	24	static
mqtt.c:514:1:mqtt_output_check_space	16	static
mqtt.c:313:1:mqtt_append_request	16	static
mqtt.c:356:1:mqtt_take_request	16	static
mqtt.c:494:1:mqtt_output_append_fixed_header	16	static
mqtt.c:537:1:mqtt_close	16	static
mqtt.c:1006:1:mqtt_tcp_err_cb	8	static
mqtt.c:576:1:mqtt_cyclic_timer	32	static
mqtt.c:234:1:mqtt_output_send	24	static
mqtt.c:1024:1:mqtt_tcp_poll_cb	8	static
mqtt.c:973:1:mqtt_tcp_sent_cb	24	static
mqtt.c:635:1:pub_ack_rec_rel_response	40	static
mqtt.c:672:1:mqtt_message_received	48	static
mqtt.c:929:1:mqtt_tcp_recv_cb	56	static
mqtt.c:1041:1:mqtt_tcp_connect_cb	24	static
mqtt.c:1094:1:mqtt_publish	56	static
mqtt.c:1170:1:mqtt_sub_unsub	56	static
mqtt.c:1235:1:mqtt_set_inpub_callback	24	static
mqtt.c:1251:1:mqtt_client_new	8	static
mqtt.c:1263:1:mqtt_client_free	8	static
mqtt.c:1280:1:mqtt_client_connect	72	static
mqtt.c:1434:1:mqtt_disconnect	8	static
mqtt.c:1453:1:mqtt_client_is_connected	8	static
