asn1parse.c:50:5:mbedtls_asn1_get_len	8	static
asn1parse.c:108:5:mbedtls_asn1_get_tag	16	static
asn1parse.c:123:5:mbedtls_asn1_get_bool	24	static
asn1parse.c:142:5:mbedtls_asn1_get_int	24	static
asn1parse.c:167:5:mbedtls_asn1_get_mpi	24	static
asn1parse.c:185:5:mbedtls_asn1_get_bitstring	16	static
asn1parse.c:218:5:mbedtls_asn1_get_bitstring_null	16	static
asn1parse.c:237:5:mbedtls_asn1_get_sequence_of	48	static
asn1parse.c:287:5:mbedtls_asn1_get_alg	32	static
asn1parse.c:331:5:mbedtls_asn1_get_alg_null	32	static
asn1parse.c:349:6:mbedtls_asn1_free_named_data	8	static
asn1parse.c:360:6:mbedtls_asn1_free_named_data_list	16	static
asn1parse.c:372:26:mbedtls_asn1_find_named_data	16	static
