bignum.c:441:12:mpi_get_digit	0	static
bignum.c:1152:13:mpi_sub_hlp	20	static
bignum.c:1337:6:mpi_mul_hlp	16	static
bignum.c:795:13:mpi_bigendian_to_host	12	static
bignum.c:89:6:mbedtls_mpi_init	0	static
bignum.c:101:6:mbedtls_mpi_free	8	static
bignum.c:120:5:mbedtls_mpi_grow	16	static
bignum.c:151:5:mbedtls_mpi_shrink	16	static
bignum.c:191:5:mbedtls_mpi_copy	16	static
bignum.c:233:6:mbedtls_mpi_swap	32	static
bignum.c:249:5:mbedtls_mpi_safe_cond_assign	24	static
bignum.c:279:5:mbedtls_mpi_safe_cond_swap	24	static
bignum.c:315:5:mbedtls_mpi_lset	16	static
bignum.c:334:5:mbedtls_mpi_get_bit	0	static
bignum.c:351:5:mbedtls_mpi_set_bit	24	static
bignum.c:380:8:mbedtls_mpi_lsb	12	static
bignum.c:414:8:mbedtls_mpi_bitlen	4	static
bignum.c:433:8:mbedtls_mpi_size	8	static
bignum.c:827:5:mbedtls_mpi_read_binary	24	static
bignum.c:864:5:mbedtls_mpi_write_binary	24	static
bignum.c:910:5:mbedtls_mpi_shift_l	24	static
bignum.c:961:5:mbedtls_mpi_shift_r	24	static
bignum.c:1005:5:mbedtls_mpi_cmp_abs	12	static
bignum.c:1802:12:mpi_montmul	64	static
bignum.c:1037:5:mbedtls_mpi_cmp_mpi	12	static
bignum.c:1072:5:mbedtls_mpi_cmp_int	24	static
bignum.c:1092:5:mbedtls_mpi_add_abs	32	static
bignum.c:1176:5:mbedtls_mpi_sub_abs	40	static
bignum.c:1223:5:mbedtls_mpi_add_mpi	24	static
bignum.c:1258:5:mbedtls_mpi_sub_mpi	24	static
bignum.c:1293:5:mbedtls_mpi_add_int	24	static
bignum.c:1311:5:mbedtls_mpi_sub_int	24	static
bignum.c:1404:5:mbedtls_mpi_mul_mpi	56	static
bignum.c:1445:5:mbedtls_mpi_mul_int	24	static
bignum.c:458:5:mbedtls_mpi_read_string	56	static
bignum.c:1559:5:mbedtls_mpi_div_mpi	136	static
bignum.c:1677:5:mbedtls_mpi_div_int	24	static
bignum.c:1699:5:mbedtls_mpi_mod_mpi	24	static
bignum.c:1726:5:mbedtls_mpi_mod_int	16	static
bignum.c:571:5:mbedtls_mpi_write_string	64	static
bignum.c:2313:12:mpi_check_small_factors	24	static
bignum.c:1863:5:mbedtls_mpi_exp_mod	168	static
bignum.c:2084:5:mbedtls_mpi_gcd	64	static
bignum.c:2145:5:mbedtls_mpi_fill_random	32	static
bignum.c:2340:12:mpi_miller_rabin	120	static
bignum.c:2181:5:mbedtls_mpi_inv_mod	136	static
bignum.c:2434:5:mbedtls_mpi_is_prime_ext	32	static
bignum.c:2474:5:mbedtls_mpi_is_prime	8	static
bignum.c:2498:5:mbedtls_mpi_gen_prime	72	static
bignum.c:2634:5:mbedtls_mpi_self_test	120	static
