cipher_wrap.c:1519:13:des3_ctx_free	8	static
cipher_wrap.c:1506:15:des3_ctx_alloc	8	static
cipher_wrap.c:1472:12:des3_set3key_dec_wrap	8	static
cipher_wrap.c:1480:12:des3_set3key_enc_wrap	8	static
cipher_wrap.c:1432:12:des3_crypt_cbc_wrap	16	static
cipher_wrap.c:1415:12:des3_crypt_ecb_wrap	8	static
cipher_wrap.c:1456:12:des3_set2key_dec_wrap	8	static
cipher_wrap.c:1464:12:des3_set2key_enc_wrap	8	static
cipher_wrap.c:1500:13:des_ctx_free	8	static
cipher_wrap.c:1488:15:des_ctx_alloc	8	static
cipher_wrap.c:1440:12:des_setkey_dec_wrap	8	static
cipher_wrap.c:1448:12:des_setkey_enc_wrap	8	static
cipher_wrap.c:1423:12:des_crypt_cbc_wrap	16	static
cipher_wrap.c:1408:12:des_crypt_ecb_wrap	8	static
cipher_wrap.c:119:13:ccm_ctx_free	8	static
cipher_wrap.c:109:14:ccm_ctx_alloc	8	static
cipher_wrap.c:585:12:ccm_aes_setkey_wrap	8	static
cipher_wrap.c:100:13:gcm_ctx_free	8	static
cipher_wrap.c:90:14:gcm_ctx_alloc	8	static
cipher_wrap.c:516:12:gcm_aes_setkey_wrap	8	static
cipher_wrap.c:223:13:aes_ctx_free	8	static
cipher_wrap.c:211:15:aes_ctx_alloc	8	static
cipher_wrap.c:199:12:aes_setkey_dec_wrap	8	static
cipher_wrap.c:205:12:aes_setkey_enc_wrap	8	static
cipher_wrap.c:163:12:aes_crypt_ctr_wrap	24	static
cipher_wrap.c:144:12:aes_crypt_cfb128_wrap	24	static
cipher_wrap.c:135:12:aes_crypt_cbc_wrap	16	static
cipher_wrap.c:128:12:aes_crypt_ecb_wrap	8	static
