entropy.c:529:12:entropy_dummy_source	16	static
entropy.c:543:12:mbedtls_entropy_source_self_test_gather	32	static
entropy.c:180:12:entropy_update	96	static
entropy.c:259:12:entropy_gather_internal	176	static
entropy.c:65:6:mbedtls_entropy_init	16	static
entropy.c:122:6:mbedtls_entropy_free	16	static
entropy.c:143:5:mbedtls_entropy_add_source	8	static
entropy.c:236:5:mbedtls_entropy_update_manual	8	static
entropy.c:307:5:mbedtls_entropy_gather	8	static
entropy.c:326:5:mbedtls_entropy_func	96	static
entropy.c:596:5:mbedtls_entropy_source_self_test	48	static
entropy.c:644:5:mbedtls_entropy_self_test	784	static
