sha1.c:79:6:mbedtls_sha1_init	8	static
sha1.c:86:6:mbedtls_sha1_free	8	static
sha1.c:94:6:mbedtls_sha1_clone	8	static
sha1.c:106:5:mbedtls_sha1_starts_ret	0	static
sha1.c:123:6:mbedtls_sha1_starts	8	static
sha1.c:306:5:mbedtls_sha1_update_ret	32	static
sha1.c:357:6:mbedtls_sha1_update	8	static
sha1.c:368:5:mbedtls_sha1_finish_ret	16	static
sha1.c:427:6:mbedtls_sha1_finish	8	static
sha1.c:439:5:mbedtls_sha1_ret	120	static
sha1.c:467:6:mbedtls_sha1	8	static
sha1.c:504:5:mbedtls_sha1_self_test	1176	static
