x509write_crt.c:299:12:x509_write_time	24	static
x509write_crt.c:48:6:mbedtls_x509write_crt_init	8	static
x509write_crt.c:56:6:mbedtls_x509write_crt_free	8	static
x509write_crt.c:67:6:mbedtls_x509write_crt_set_version	0	static
x509write_crt.c:72:6:mbedtls_x509write_crt_set_md_alg	0	static
x509write_crt.c:77:6:mbedtls_x509write_crt_set_subject_key	0	static
x509write_crt.c:82:6:mbedtls_x509write_crt_set_issuer_key	0	static
x509write_crt.c:87:5:mbedtls_x509write_crt_set_subject_name	8	static
x509write_crt.c:93:5:mbedtls_x509write_crt_set_issuer_name	8	static
x509write_crt.c:99:5:mbedtls_x509write_crt_set_serial	8	static
x509write_crt.c:109:5:mbedtls_x509write_crt_set_validity	16	static
x509write_crt.c:125:5:mbedtls_x509write_crt_set_extension	16	static
x509write_crt.c:134:5:mbedtls_x509write_crt_set_basic_constraints	40	static
x509write_crt.c:166:5:mbedtls_x509write_crt_set_subject_key_identifier	1072	static
x509write_crt.c:191:5:mbedtls_x509write_crt_set_authority_key_identifier	1072	static
x509write_crt.c:234:5:mbedtls_x509write_crt_set_key_usage	32	static
x509write_crt.c:272:5:mbedtls_x509write_crt_set_ns_cert_type	32	static
x509write_crt.c:328:5:mbedtls_x509write_crt_der	2720	static
x509write_crt.c:487:5:mbedtls_x509write_crt_pem	4136	static
