altcp_tcp.c:171:1:altcp_tcp_setup_callbacks	8	static
altcp_tcp.c:74:1:altcp_tcp_accept	24	static
altcp_tcp.c:146:1:altcp_tcp_err	8	static
altcp_tcp.c:120:1:altcp_tcp_sent	16	static
altcp_tcp.c:530:1:altcp_tcp_dbg_get_tcp_state	8	static
altcp_tcp.c:512:1:altcp_tcp_get_port	16	static
altcp_tcp.c:495:1:altcp_tcp_get_ip	16	static
altcp_tcp.c:476:1:altcp_tcp_dealloc	8	static
altcp_tcp.c:430:1:altcp_tcp_nagle_disabled	8	static
altcp_tcp.c:420:1:altcp_tcp_nagle_enable	8	static
altcp_tcp.c:410:1:altcp_tcp_nagle_disable	8	static
altcp_tcp.c:398:1:altcp_tcp_sndqueuelen	8	static
altcp_tcp.c:386:1:altcp_tcp_sndbuf	8	static
altcp_tcp.c:374:1:altcp_tcp_mss	8	static
altcp_tcp.c:90:1:altcp_tcp_connected	16	static
altcp_tcp.c:133:1:altcp_tcp_poll	8	static
altcp_tcp.c:103:1:altcp_tcp_recv	24	static
altcp_tcp.c:484:1:altcp_tcp_get_tcp_addrinfo	24	static
altcp_tcp.c:441:1:altcp_tcp_setprio	16	static
altcp_tcp.c:362:1:altcp_tcp_output	8	static
altcp_tcp.c:350:1:altcp_tcp_write	24	static
altcp_tcp.c:338:1:altcp_tcp_shutdown	16	static
altcp_tcp.c:311:1:altcp_tcp_close	24	static
altcp_tcp.c:235:1:altcp_tcp_set_poll	16	static
altcp_tcp.c:299:1:altcp_tcp_abort	8	static
altcp_tcp.c:280:1:altcp_tcp_listen	16	static
altcp_tcp.c:267:1:altcp_tcp_connect	24	static
altcp_tcp.c:255:1:altcp_tcp_bind	16	static
altcp_tcp.c:245:1:altcp_tcp_recved	16	static
altcp_tcp.c:190:1:altcp_tcp_new_ip_type	16	static
altcp_tcp.c:213:1:altcp_tcp_alloc	8	static
altcp_tcp.c:220:1:altcp_tcp_wrap	16	static
