altcp.c:136:1:altcp_alloc	8	static
altcp.c:149:1:altcp_free	8	static
altcp.c:189:1:altcp_new_ip_type	8	static
altcp.c:164:1:altcp_new_ip6	8	static
altcp.c:174:1:altcp_new	8	static
altcp.c:213:1:altcp_arg	0	static
altcp.c:225:1:altcp_accept	0	static
altcp.c:237:1:altcp_recv	0	static
altcp.c:249:1:altcp_sent	0	static
altcp.c:261:1:altcp_poll	8	static
altcp.c:277:1:altcp_err	0	static
altcp.c:291:1:altcp_recved	8	static
altcp.c:303:1:altcp_bind	8	static
altcp.c:316:1:altcp_connect	16	static
altcp.c:329:1:altcp_listen_with_backlog_and_err	8	static
altcp.c:342:1:altcp_abort	8	static
altcp.c:354:1:altcp_close	8	static
altcp.c:367:1:altcp_shutdown	8	static
altcp.c:380:1:altcp_write	16	static
altcp.c:393:1:altcp_output	8	static
altcp.c:406:1:altcp_mss	8	static
altcp.c:419:1:altcp_sndbuf	8	static
altcp.c:432:1:altcp_sndqueuelen	8	static
altcp.c:441:1:altcp_nagle_disable	8	static
altcp.c:449:1:altcp_nagle_enable	8	static
altcp.c:457:1:altcp_nagle_disabled	8	static
altcp.c:470:1:altcp_setprio	8	static
altcp.c:478:1:altcp_get_tcp_addrinfo	16	static
altcp.c:487:1:altcp_get_ip	8	static
altcp.c:496:1:altcp_get_port	8	static
altcp.c:524:1:altcp_dbg_get_tcp_state	8	static
altcp.c:536:1:altcp_default_set_poll	8	static
altcp.c:544:1:altcp_default_recved	8	static
altcp.c:552:1:altcp_default_bind	8	static
altcp.c:561:1:altcp_default_shutdown	8	static
altcp.c:576:1:altcp_default_write	8	static
altcp.c:585:1:altcp_default_output	8	static
altcp.c:594:1:altcp_default_mss	8	static
altcp.c:603:1:altcp_default_sndbuf	8	static
altcp.c:612:1:altcp_default_sndqueuelen	8	static
altcp.c:621:1:altcp_default_nagle_disable	8	static
altcp.c:629:1:altcp_default_nagle_enable	8	static
altcp.c:637:1:altcp_default_nagle_disabled	8	static
altcp.c:646:1:altcp_default_setprio	8	static
altcp.c:654:1:altcp_default_dealloc	0	static
altcp.c:661:1:altcp_default_get_tcp_addrinfo	8	static
altcp.c:670:1:altcp_default_get_ip	8	static
altcp.c:679:1:altcp_default_get_port	8	static
altcp.c:707:1:altcp_default_dbg_get_tcp_state	8	static
