tcp.c:1012:1:tcp_new_port	12	static
tcp.c:201:1:tcp_init	8	static
tcp.c:210:1:tcp_free	8	static
tcp.c:294:1:tcp_backlog_delayed	8	static
tcp.c:317:1:tcp_backlog_accepted	8	static
tcp.c:409:1:tcp_close_shutdown_fin	8	static
tcp.c:662:1:tcp_bind	24	static
tcp.c:764:1:tcp_bind_netif	0	static
tcp.c:849:1:tcp_listen_with_backlog_and_err	24	static
tcp.c:826:1:tcp_listen_with_backlog	8	static
tcp.c:931:1:tcp_update_rcv_ann_wnd	16	static
tcp.c:969:1:tcp_recved	16	static
tcp.c:1527:1:tcp_txnow	8	static
tcp.c:1624:1:tcp_seg_free	8	static
tcp.c:1609:1:tcp_segs_free	8	static
tcp.c:1645:1:tcp_setprio	8	static
tcp.c:1991:1:tcp_arg	0	static
tcp.c:2014:1:tcp_recv	16	static
tcp.c:2034:1:tcp_sent	16	static
tcp.c:2060:1:tcp_err	16	static
tcp.c:2080:1:tcp_accept	0	static
tcp.c:2109:1:tcp_poll	16	static
tcp.c:2131:1:tcp_pcb_purge	8	static
tcp.c:1193:1:tcp_slowtmr	56	static
tcp.c:2181:1:tcp_pcb_remove	16	static
tcp.c:348:1:tcp_close_shutdown	32	static
tcp.c:484:1:tcp_close	8	static
tcp.c:1685:1:tcp_recv_null	8	static
tcp.c:1540:1:tcp_process_refused_data	24	static
tcp.c:1480:1:tcp_fasttmr	32	static
tcp.c:234:1:tcp_tmr	8	static
tcp.c:515:1:tcp_shutdown	8	static
tcp.c:563:1:tcp_abandon	48	static
tcp.c:638:1:tcp_abort	8	static
tcp.c:779:1:tcp_accept_null	8	static
tcp.c:2303:1:tcp_netif_ip_addr_changed_pcblist	16	static
tcp.c:1753:1:tcp_kill_state	16	static
tcp.c:1835:1:tcp_alloc	24	static
tcp.c:1947:1:tcp_new	8	static
tcp.c:1965:1:tcp_new_ip_type	8	static
tcp.c:2219:1:tcp_next_iss	8	static
tcp.c:2242:1:tcp_eff_send_mss_netif	16	static
tcp.c:1068:1:tcp_connect	24	static
tcp.c:2335:1:tcp_netif_ip_addr_changed	16	static
tcp.c:2358:1:tcp_debug_state_str	0	static
tcp.c:2364:1:tcp_tcp_get_tcp_addrinfo	4	static
