udp.c:87:1:udp_init	8	static
udp.c:194:1:udp_input	56	static
udp.c:932:1:udp_bind	24	static
udp.c:699:1:udp_sendto_if_src	48	static
udp.c:624:1:udp_sendto_if	24	static
udp.c:520:1:udp_sendto	32	static
udp.c:467:1:udp_send	8	static
udp.c:1046:1:udp_bind_netif	0	static
udp.c:1075:1:udp_connect	16	static
udp.c:1130:1:udp_disconnect	8	static
udp.c:1162:1:udp_recv	8	static
udp.c:1183:1:udp_remove	8	static
udp.c:1223:1:udp_new	8	static
udp.c:1261:1:udp_new_ip_type	8	static
udp.c:1284:6:udp_netif_ip_addr_changed	4	static
